// Jest Snapshot v1, https://goo.gl/fbAQLP

exports[`ProjectsContainer should render with the correct properites 1`] = `
<section
  className="info-page"
>
  <section
    className="projectsForm"
  >
    <ProjectsForm
      addNewProject={[Function]}
    />
  </section>
  <section
    className="projectsList"
  >
    <ProjectFactory
      removeProject={[Function]}
    />
  </section>
</section>
`;
