// Jest Snapshot v1, https://goo.gl/fbAQLP

exports[`SavePaletteForm should render with the correct properites 1`] = `
<form
  className="palette-form"
>
  <select
    onChange={[Function]}
  >
    <option>
      Choose Project
    </option>
    <option />
    <option />
  </select>
  <input
    onChange={[Function]}
    placeholder="Add Palette Name"
    type="text"
    value=""
  />
  <button
    disabled={true}
    onClick={[Function]}
  >
    Save Palette
  </button>
</form>
`;
